// Jest Snapshot v1, https://goo.gl/fbAQLP

exports[`Sidebar should match snapshots 1`] = `
<aside
  class="w-full px-2 md:w-1/3 lg:w-1/4"
>
  <div
    class="adsbygoogle adbanner-customize show-desktop mb-4 pt-4"
  >
    <ins
      class="adsbygoogle"
      data-ad-client="ca-pub-6715059182926587"
      data-ad-format="auto"
      data-ad-slot="8445853262"
      data-full-width-responsive="true"
      style="display: block; text-align: center;"
    />
  </div>
  <div
    class="mb-8 rounded-lg bg-slate-100 p-4 font-sans md:mb-4 hidden md:block"
  >
    <form
      action="javascript:throw new Error('A React form was unexpectedly submitted. If you called form.submit() manually, consider using form.requestSubmit() instead. If you\\'re trying to use event.stopPropagation() in a submit event handler, consider also calling event.preventDefault().')"
    >
      <label
        class="mb-0 pt-1 font-sans text-base font-bold"
        for="email-input"
      >
        Únete a nuestro boletín
      </label>
      <p
        class="text-xs leading-4"
      >
        Recibe grátis las noticias más destacadas en tu correo.
      </p>
      <div
        class="mt-2 flex flex-col"
      >
        <div
          class="w-full"
        >
          <input
            autocapitalize="off"
            autocorrect="off"
            class="focus:darkBlue border-dark-blue/20 focus:ring-opacity-50 mb-2 block w-full rounded-md border px-3 py-1 text-sm shadow-sm md:w-11/12"
            id="email-input"
            name="email"
            placeholder="tu.correo@mail.com"
            required=""
            type="email"
            value=""
          />
        </div>
        <div
          class="w-1/5 md:w-full"
        >
          <button
            class="button focus:shadow-outline"
          >
            <svg
              class="lucide lucide-mail"
              fill="none"
              height="20"
              stroke="currentColor"
              stroke-linecap="round"
              stroke-linejoin="round"
              stroke-width="2"
              viewBox="0 0 24 24"
              width="20"
              xmlns="http://www.w3.org/2000/svg"
            >
              <rect
                height="16"
                rx="2"
                width="20"
                x="2"
                y="4"
              />
              <path
                d="m22 7-8.97 5.7a1.94 1.94 0 0 1-2.06 0L2 7"
              />
            </svg>
            Suscribirme
          </button>
        </div>
      </div>
    </form>
  </div>
</aside>
`;
