// Jest Snapshot v1, https://goo.gl/fbAQLP

exports[`ButtonGoTop should match snapshot 1`] = `
<button
  class="link-go-top absolute -top-3 right-6 h-9 w-9 cursor-pointer rounded border-none bg-primary text-white duration-150 ease-in hover:-top-4"
>
  <span
    class="material-symbols-rounded mt-3 inline-block !text-3xl !leading-4"
  >
    keyboard_control_key
  </span>
</button>
`;
