// Jest Snapshot v1, https://goo.gl/fbAQLP

exports[`ButtonGoTop should match snapshot 1`] = `
<button
  class="button-go-top"
  data-testid="button-go-top"
>
  <svg
    class="lucide lucide-chevron-up"
    fill="none"
    height="36"
    stroke="currentColor"
    stroke-linecap="round"
    stroke-linejoin="round"
    stroke-width="2"
    viewBox="0 0 24 24"
    width="36"
    xmlns="http://www.w3.org/2000/svg"
  >
    <path
      d="m18 15-6-6-6 6"
    />
  </svg>
</button>
`;
