// Jest Snapshot v1, https://goo.gl/fbAQLP

exports[`CoverImage should match snapshots 1`] = `
<a
  aria-label="Image title"
  class="link-cover-image"
  href="/image.png"
>
  <picture
    class="relative h-auto w-full"
  >
    <img
      alt="Imagen de la noticia: Image title"
      class="object-cover sm:rounded duration-200 hover:opacity-75"
      data-nimg="fill"
      decoding="async"
      loading="lazy"
      src="http://localhost/image.png"
      style="position: absolute; height: 100%; width: 100%; left: 0px; top: 0px; right: 0px; bottom: 0px; color: transparent;"
    />
  </picture>
</a>
`;
